// Jest Snapshot v1, https://goo.gl/fbAQLP

exports[`VsForm miniSchema has the expected html structure 1`] = `<!---->`;
